::ffff:192.168.1.18 - - [06/Apr/2023:02:54:39 +0000] "POST /api/training/detect HTTP/1.1" 500 39 "-" "PostmanRuntime/7.31.3"
::ffff:192.168.1.18 - - [06/Apr/2023:02:59:19 +0000] "POST /api/training/detect HTTP/1.1" - - "-" "PostmanRuntime/7.31.3"
::ffff:192.168.1.18 - - [06/Apr/2023:03:00:55 +0000] "POST /api/training/detect HTTP/1.1" - - "-" "PostmanRuntime/7.31.3"
::ffff:192.168.1.18 - - [06/Apr/2023:03:01:07 +0000] "POST /api/training/detect HTTP/1.1" - - "-" "PostmanRuntime/7.31.3"
::ffff:192.168.1.18 - - [06/Apr/2023:03:02:30 +0000] "POST /api/training/detect HTTP/1.1" - - "-" "PostmanRuntime/7.31.3"
::ffff:192.168.1.18 - - [06/Apr/2023:03:02:45 +0000] "POST /api/training/detect HTTP/1.1" - - "-" "PostmanRuntime/7.31.3"
::ffff:192.168.1.18 - - [06/Apr/2023:03:04:05 +0000] "POST /api/file/checkin HTTP/1.1" 200 12 "-" "PostmanRuntime/7.31.3"
::ffff:192.168.1.18 - - [06/Apr/2023:03:04:50 +0000] "POST /api/file/checkin HTTP/1.1" 200 12 "-" "PostmanRuntime/7.31.3"
::ffff:192.168.1.18 - - [06/Apr/2023:03:05:57 +0000] "POST /api/file/checkin HTTP/1.1" 200 12 "-" "PostmanRuntime/7.31.3"
::ffff:192.168.1.18 - - [06/Apr/2023:03:05:57 +0000] "POST /api/file/checkin HTTP/1.1" 200 12 "-" "PostmanRuntime/7.31.3"
::ffff:192.168.1.18 - - [06/Apr/2023:03:06:29 +0000] "POST /api/file/checkin HTTP/1.1" 200 12 "-" "PostmanRuntime/7.31.3"
::ffff:192.168.1.18 - - [06/Apr/2023:03:08:57 +0000] "POST /api/file/checkin HTTP/1.1" 200 12 "-" "PostmanRuntime/7.31.3"
::ffff:192.168.1.18 - - [06/Apr/2023:03:09:16 +0000] "POST /api/file/checkin HTTP/1.1" 200 12 "-" "PostmanRuntime/7.31.3"
::ffff:192.168.1.18 - - [06/Apr/2023:03:09:18 +0000] "POST /api/file/checkin HTTP/1.1" 200 12 "-" "PostmanRuntime/7.31.3"
::ffff:192.168.1.18 - - [06/Apr/2023:03:09:29 +0000] "POST /api/file/checkin HTTP/1.1" 200 12 "-" "PostmanRuntime/7.31.3"
::ffff:192.168.1.18 - - [06/Apr/2023:03:13:42 +0000] "POST /api/file/checkin HTTP/1.1" 200 12 "-" "PostmanRuntime/7.31.3"
::ffff:192.168.1.18 - - [06/Apr/2023:03:13:52 +0000] "POST /api/file/checkin HTTP/1.1" 200 12 "-" "PostmanRuntime/7.31.3"
::ffff:192.168.1.18 - - [06/Apr/2023:03:13:56 +0000] "POST /api/file/checkin HTTP/1.1" 200 12 "-" "PostmanRuntime/7.31.3"
::ffff:192.168.1.18 - - [06/Apr/2023:03:25:18 +0000] "POST /api/file/checkin HTTP/1.1" 200 12 "-" "PostmanRuntime/7.31.3"
::ffff:192.168.1.18 - - [06/Apr/2023:03:26:17 +0000] "POST /api/file/checkin HTTP/1.1" 200 12 "-" "PostmanRuntime/7.31.3"
::ffff:192.168.1.18 - - [06/Apr/2023:03:27:14 +0000] "POST /api/file/checkin HTTP/1.1" 500 - "-" "PostmanRuntime/7.31.3"
::ffff:192.168.1.18 - - [06/Apr/2023:03:27:24 +0000] "POST /api/file/checkin HTTP/1.1" 500 - "-" "PostmanRuntime/7.31.3"
::ffff:192.168.1.18 - - [06/Apr/2023:03:27:39 +0000] "POST /api/file/checkin HTTP/1.1" 500 - "-" "PostmanRuntime/7.31.3"
::ffff:192.168.1.18 - - [06/Apr/2023:03:27:52 +0000] "POST /api/training/add-image-user/6429a43e399cd63afc2a9239 HTTP/1.1" 500 - "-" "PostmanRuntime/7.31.3"
::ffff:192.168.1.18 - - [06/Apr/2023:03:31:29 +0000] "POST /api/file/checkin HTTP/1.1" 200 12 "-" "PostmanRuntime/7.31.3"
::ffff:192.168.1.18 - - [06/Apr/2023:03:32:06 +0000] "POST /api/file/checkin HTTP/1.1" 200 12 "-" "PostmanRuntime/7.31.3"
::ffff:192.168.1.18 - - [06/Apr/2023:03:33:13 +0000] "POST /api/file/checkin HTTP/1.1" 200 12 "-" "PostmanRuntime/7.31.3"
::ffff:192.168.1.18 - - [06/Apr/2023:03:34:33 +0000] "POST /api/file/checkin HTTP/1.1" 200 12 "-" "PostmanRuntime/7.31.3"
::ffff:192.168.1.18 - - [06/Apr/2023:03:35:16 +0000] "POST /api/file/checkin HTTP/1.1" 200 12 "-" "PostmanRuntime/7.31.3"
::ffff:192.168.1.18 - - [06/Apr/2023:03:35:19 +0000] "POST /api/file/checkin HTTP/1.1" 200 12 "-" "PostmanRuntime/7.31.3"
::ffff:192.168.1.18 - - [06/Apr/2023:03:35:24 +0000] "POST /api/file/checkin HTTP/1.1" 200 12 "-" "PostmanRuntime/7.31.3"
::ffff:192.168.1.18 - - [06/Apr/2023:03:36:15 +0000] "POST /api/file/checkin HTTP/1.1" 200 12 "-" "PostmanRuntime/7.31.3"
::ffff:192.168.1.18 - - [06/Apr/2023:03:36:16 +0000] "POST /api/file/checkin HTTP/1.1" 200 12 "-" "PostmanRuntime/7.31.3"
::ffff:192.168.1.18 - - [06/Apr/2023:03:36:17 +0000] "POST /api/file/checkin HTTP/1.1" 200 12 "-" "PostmanRuntime/7.31.3"
::ffff:192.168.1.18 - - [06/Apr/2023:03:38:13 +0000] "POST /api/file/checkin HTTP/1.1" 200 12 "-" "PostmanRuntime/7.31.3"
::ffff:192.168.1.18 - - [06/Apr/2023:03:38:15 +0000] "POST /api/file/checkin HTTP/1.1" 200 12 "-" "PostmanRuntime/7.31.3"
::ffff:192.168.1.18 - - [06/Apr/2023:03:39:02 +0000] "POST /api/file/checkin HTTP/1.1" 200 12 "-" "PostmanRuntime/7.31.3"
::ffff:192.168.1.18 - - [06/Apr/2023:03:39:04 +0000] "POST /api/file/checkin HTTP/1.1" 200 12 "-" "PostmanRuntime/7.31.3"
::ffff:192.168.1.18 - - [06/Apr/2023:03:39:06 +0000] "POST /api/file/checkin HTTP/1.1" 200 12 "-" "PostmanRuntime/7.31.3"
::ffff:192.168.1.18 - - [06/Apr/2023:03:39:08 +0000] "POST /api/file/checkin HTTP/1.1" 200 12 "-" "PostmanRuntime/7.31.3"
::ffff:192.168.1.18 - - [06/Apr/2023:03:39:19 +0000] "POST /api/file/checkin HTTP/1.1" 200 12 "-" "PostmanRuntime/7.31.3"
::ffff:192.168.1.18 - - [06/Apr/2023:03:46:04 +0000] "POST /api/file/checkin HTTP/1.1" 200 12 "-" "PostmanRuntime/7.31.3"
::ffff:192.168.1.18 - - [06/Apr/2023:03:46:05 +0000] "POST /api/file/checkin HTTP/1.1" 200 12 "-" "PostmanRuntime/7.31.3"
::ffff:192.168.1.18 - - [06/Apr/2023:03:46:06 +0000] "POST /api/file/checkin HTTP/1.1" 200 12 "-" "PostmanRuntime/7.31.3"
::ffff:192.168.1.18 - - [06/Apr/2023:03:46:28 +0000] "POST /api/file/checkin HTTP/1.1" 200 12 "-" "PostmanRuntime/7.31.3"
::ffff:192.168.1.18 - - [06/Apr/2023:03:47:24 +0000] "POST /api/training/detect HTTP/1.1" - - "-" "PostmanRuntime/7.31.3"
::ffff:192.168.1.18 - - [06/Apr/2023:03:48:32 +0000] "POST /api/training/detect HTTP/1.1" - - "-" "PostmanRuntime/7.31.3"
::ffff:192.168.1.18 - - [06/Apr/2023:03:49:20 +0000] "POST /api/training/detect HTTP/1.1" - - "-" "PostmanRuntime/7.31.3"
::ffff:192.168.1.18 - - [06/Apr/2023:03:50:34 +0000] "POST /api/training/detect HTTP/1.1" - - "-" "PostmanRuntime/7.31.3"
::ffff:192.168.1.18 - - [06/Apr/2023:03:51:05 +0000] "POST /api/file/checkin HTTP/1.1" 200 12 "-" "PostmanRuntime/7.31.3"
::ffff:192.168.1.18 - - [06/Apr/2023:03:51:50 +0000] "POST /api/training/detect HTTP/1.1" 200 42 "-" "PostmanRuntime/7.31.3"
::ffff:192.168.1.18 - - [06/Apr/2023:03:52:14 +0000] "POST /api/training/detect HTTP/1.1" 200 42 "-" "PostmanRuntime/7.31.3"
::ffff:192.168.1.18 - - [06/Apr/2023:03:52:49 +0000] "POST /api/training/detect HTTP/1.1" 200 98 "-" "PostmanRuntime/7.31.3"
::ffff:192.168.1.18 - - [06/Apr/2023:03:53:13 +0000] "POST /api/training/detect HTTP/1.1" 200 92 "-" "PostmanRuntime/7.31.3"
::ffff:192.168.1.18 - - [06/Apr/2023:04:04:59 +0000] "GET /api/history/user?id=641978bd4d078744fad083d6 HTTP/1.1" 200 2981 "-" "PostmanRuntime/7.31.3"
::ffff:192.168.1.18 - - [06/Apr/2023:04:05:34 +0000] "GET /api/history/user?id=641978bd4d078744fad083d6 HTTP/1.1" 200 2981 "-" "Dart/2.18 (dart:io)"
::ffff:192.168.1.18 - - [06/Apr/2023:04:08:18 +0000] "POST /api/training/detect HTTP/1.1" 200 92 "-" "PostmanRuntime/7.31.3"
::ffff:192.168.1.18 - - [06/Apr/2023:04:20:55 +0000] "POST /api/history/checkin HTTP/1.1" 200 21 "-" "PostmanRuntime/7.31.3"
::ffff:192.168.1.18 - - [06/Apr/2023:04:22:46 +0000] "GET /api/history/user?id=641978bd4d078744fad083d6 HTTP/1.1" 200 2981 "-" "Dart/2.18 (dart:io)"
::ffff:192.168.1.18 - - [06/Apr/2023:04:23:21 +0000] "POST /api/history/checkin HTTP/1.1" 200 21 "-" "PostmanRuntime/7.31.3"
::ffff:192.168.1.18 - - [06/Apr/2023:04:23:22 +0000] "GET /api/history/user?id=641978bd4d078744fad083d6 HTTP/1.1" 200 3187 "-" "Dart/2.18 (dart:io)"
::ffff:192.168.1.18 - - [06/Apr/2023:04:28:12 +0000] "POST /api/history/checkin HTTP/1.1" 200 21 "-" "PostmanRuntime/7.31.3"
::ffff:192.168.1.18 - - [06/Apr/2023:04:28:17 +0000] "GET /api/history/user?id=641978bd4d078744fad083d6 HTTP/1.1" 200 3257 "-" "Dart/2.18 (dart:io)"
::ffff:192.168.1.16 - - [07/Apr/2023:04:02:07 +0000] "POST /api/history/checkin HTTP/1.1" 200 21 "-" "PostmanRuntime/7.31.3"
::ffff:192.168.1.16 - - [07/Apr/2023:04:04:32 +0000] "GET /api/history/user?id=641978bd4d078744fad083d6 HTTP/1.1" 200 3463 "-" "Dart/2.18 (dart:io)"
::ffff:192.168.43.198 - - [10/Apr/2023:12:43:19 +0000] "GET /api/history/user?id=641978bd4d078744fad083d6 HTTP/1.1" 200 3463 "-" "Dart/2.18 (dart:io)"
::ffff:192.168.43.168 - - [10/Apr/2023:12:46:13 +0000] "POST /api/history/checkin HTTP/1.1" - - "-" "ESP32 HTTP Client/1.0"
::ffff:192.168.43.168 - - [10/Apr/2023:12:51:28 +0000] "POST /api/file/checkout HTTP/1.1" 200 12 "-" "ESP32 HTTP Client/1.0"
::ffff:192.168.43.168 - - [10/Apr/2023:12:53:52 +0000] "POST /api/history/checkin HTTP/1.1" - - "-" "ESP32 HTTP Client/1.0"
::ffff:192.168.43.168 - - [10/Apr/2023:12:55:17 +0000] "POST /api/history/checkin HTTP/1.1" - - "-" "ESP32 HTTP Client/1.0"
::ffff:192.168.43.168 - - [10/Apr/2023:12:57:24 +0000] "POST /api/history/checkin HTTP/1.1" - - "-" "ESP32 HTTP Client/1.0"
::ffff:192.168.43.168 - - [10/Apr/2023:12:57:44 +0000] "POST /api/history/checkin HTTP/1.1" - - "-" "ESP32 HTTP Client/1.0"
::ffff:192.168.43.168 - - [10/Apr/2023:12:58:09 +0000] "POST /api/history/checkin HTTP/1.1" - - "-" "ESP32 HTTP Client/1.0"
::ffff:192.168.43.168 - - [10/Apr/2023:13:00:06 +0000] "POST /api/history/checkin HTTP/1.1" - - "-" "ESP32 HTTP Client/1.0"
::ffff:192.168.43.168 - - [10/Apr/2023:13:00:57 +0000] "POST /api/history/checkin HTTP/1.1" - - "-" "ESP32 HTTP Client/1.0"
::ffff:192.168.43.168 - - [10/Apr/2023:13:01:23 +0000] "POST /api/history/checkin HTTP/1.1" - - "-" "ESP32 HTTP Client/1.0"
::ffff:192.168.43.198 - - [10/Apr/2023:13:02:21 +0000] "POST /api/history/checkin HTTP/1.1" 200 21 "-" "PostmanRuntime/7.31.3"
::ffff:192.168.43.168 - - [10/Apr/2023:13:02:53 +0000] "POST /api/history/checkin HTTP/1.1" - - "-" "ESP32 HTTP Client/1.0"
::ffff:192.168.43.168 - - [10/Apr/2023:13:03:54 +0000] "POST /api/history/checkin HTTP/1.1" - - "-" "ESP32 HTTP Client/1.0"
::ffff:192.168.43.168 - - [10/Apr/2023:13:04:50 +0000] "POST /api/history/checkin HTTP/1.1" - - "-" "ESP32 HTTP Client/1.0"
::ffff:192.168.43.198 - - [10/Apr/2023:13:05:06 +0000] "GET /api/history/user?id=641978bd4d078744fad083d6 HTTP/1.1" 200 3739 "-" "Dart/2.18 (dart:io)"
::ffff:192.168.43.168 - - [10/Apr/2023:13:05:39 +0000] "POST /api/history/checkin HTTP/1.1" - - "-" "ESP32 HTTP Client/1.0"
::ffff:192.168.43.168 - - [10/Apr/2023:13:05:58 +0000] "POST /api/history/checkin HTTP/1.1" - - "-" "ESP32 HTTP Client/1.0"
::ffff:192.168.43.198 - - [10/Apr/2023:13:06:08 +0000] "GET /api/history/user?id=641978bd4d078744fad083d6 HTTP/1.1" 200 3808 "-" "Dart/2.18 (dart:io)"
::ffff:192.168.43.168 - - [10/Apr/2023:13:06:59 +0000] "POST /api/history/checkin HTTP/1.1" - - "-" "ESP32 HTTP Client/1.0"
::ffff:192.168.43.168 - - [10/Apr/2023:13:07:27 +0000] "POST /api/history/checkin HTTP/1.1" - - "-" "ESP32 HTTP Client/1.0"
::ffff:192.168.43.168 - - [10/Apr/2023:13:07:43 +0000] "POST /api/history/checkin HTTP/1.1" - - "-" "ESP32 HTTP Client/1.0"
::ffff:192.168.43.168 - - [10/Apr/2023:13:08:01 +0000] "POST /api/history/checkin HTTP/1.1" - - "-" "ESP32 HTTP Client/1.0"
::ffff:192.168.43.168 - - [10/Apr/2023:13:08:39 +0000] "POST /api/history/checkin HTTP/1.1" - - "-" "ESP32 HTTP Client/1.0"
::ffff:192.168.43.168 - - [10/Apr/2023:13:08:57 +0000] "POST /api/history/checkin HTTP/1.1" - - "-" "ESP32 HTTP Client/1.0"
::ffff:192.168.43.168 - - [10/Apr/2023:13:09:19 +0000] "POST /api/history/checkin HTTP/1.1" - - "-" "ESP32 HTTP Client/1.0"
::ffff:192.168.43.168 - - [10/Apr/2023:13:09:42 +0000] "POST /api/history/checkin HTTP/1.1" - - "-" "ESP32 HTTP Client/1.0"
::ffff:192.168.43.168 - - [10/Apr/2023:13:10:08 +0000] "POST /api/history/checkin HTTP/1.1" - - "-" "ESP32 HTTP Client/1.0"
::ffff:192.168.43.168 - - [10/Apr/2023:13:10:45 +0000] "POST /api/history/checkin HTTP/1.1" - - "-" "ESP32 HTTP Client/1.0"
::ffff:192.168.43.168 - - [10/Apr/2023:13:11:13 +0000] "POST /api/history/checkin HTTP/1.1" - - "-" "ESP32 HTTP Client/1.0"
::ffff:192.168.43.168 - - [10/Apr/2023:13:11:40 +0000] "POST /api/history/checkin HTTP/1.1" - - "-" "ESP32 HTTP Client/1.0"
::ffff:192.168.43.168 - - [10/Apr/2023:13:12:04 +0000] "POST /api/history/checkin HTTP/1.1" - - "-" "ESP32 HTTP Client/1.0"
::ffff:192.168.43.168 - - [10/Apr/2023:13:12:38 +0000] "POST /api/history/checkin HTTP/1.1" - - "-" "ESP32 HTTP Client/1.0"
::ffff:192.168.43.168 - - [10/Apr/2023:13:13:10 +0000] "POST /api/history/checkin HTTP/1.1" - - "-" "ESP32 HTTP Client/1.0"
::ffff:192.168.43.168 - - [13/Apr/2023:13:26:22 +0000] "POST /api/history/checkin HTTP/1.1" - - "-" "ESP32 HTTP Client/1.0"
::ffff:192.168.43.168 - - [13/Apr/2023:13:27:45 +0000] "POST /api/history/checkin HTTP/1.1" - - "-" "ESP32 HTTP Client/1.0"
::ffff:192.168.43.168 - - [13/Apr/2023:13:29:07 +0000] "POST /api/history/checkin HTTP/1.1" - - "-" "ESP32 HTTP Client/1.0"
::ffff:192.168.43.168 - - [13/Apr/2023:13:29:32 +0000] "POST /api/history/checkin HTTP/1.1" - - "-" "ESP32 HTTP Client/1.0"
::ffff:192.168.43.168 - - [13/Apr/2023:13:30:10 +0000] "POST /api/history/checkin HTTP/1.1" - - "-" "ESP32 HTTP Client/1.0"
::ffff:192.168.43.198 - - [13/Apr/2023:13:30:27 +0000] "GET /api/history/user?id=641978bd4d078744fad083d6 HTTP/1.1" 200 4153 "-" "Dart/2.18 (dart:io)"
::ffff:192.168.43.168 - - [13/Apr/2023:13:31:10 +0000] "POST /api/history/checkin HTTP/1.1" - - "-" "ESP32 HTTP Client/1.0"
::ffff:192.168.43.198 - - [13/Apr/2023:13:31:18 +0000] "GET /api/history/user?id=641978bd4d078744fad083d6 HTTP/1.1" 200 4223 "-" "Dart/2.18 (dart:io)"
::ffff:192.168.43.198 - - [13/Apr/2023:13:32:11 +0000] "GET /api/history/user?id=641978bd4d078744fad083d6 HTTP/1.1" 200 4223 "-" "Dart/2.18 (dart:io)"
::ffff:192.168.43.168 - - [13/Apr/2023:13:35:50 +0000] "POST /api/history/checkin HTTP/1.1" - - "-" "ESP32 HTTP Client/1.0"
::ffff:192.168.43.198 - - [13/Apr/2023:13:36:07 +0000] "GET /api/history/user?id=641978bd4d078744fad083d6 HTTP/1.1" 200 4153 "-" "Dart/2.18 (dart:io)"
::ffff:192.168.43.168 - - [13/Apr/2023:13:36:48 +0000] "POST /api/history/checkin HTTP/1.1" - - "-" "ESP32 HTTP Client/1.0"
::ffff:192.168.43.168 - - [13/Apr/2023:13:37:08 +0000] "POST /api/history/checkin HTTP/1.1" - - "-" "ESP32 HTTP Client/1.0"
::ffff:192.168.43.198 - - [13/Apr/2023:13:37:22 +0000] "GET /api/history/user?id=641978bd4d078744fad083d6 HTTP/1.1" 200 4223 "-" "Dart/2.18 (dart:io)"
::ffff:192.168.43.168 - - [13/Apr/2023:13:37:42 +0000] "POST /api/history/checkin HTTP/1.1" - - "-" "ESP32 HTTP Client/1.0"
::ffff:192.168.43.168 - - [13/Apr/2023:13:38:55 +0000] "POST /api/history/checkin HTTP/1.1" - - "-" "ESP32 HTTP Client/1.0"
::ffff:192.168.43.168 - - [13/Apr/2023:13:39:15 +0000] "POST /api/history/checkin HTTP/1.1" - - "-" "ESP32 HTTP Client/1.0"
::ffff:192.168.43.168 - - [14/Apr/2023:14:57:04 +0000] "POST /api/history/checkin HTTP/1.1" - - "-" "ESP32 HTTP Client/1.0"
::ffff:192.168.43.168 - - [14/Apr/2023:14:57:46 +0000] "POST /api/history/checkin HTTP/1.1" - - "-" "ESP32 HTTP Client/1.0"
::ffff:192.168.43.168 - - [14/Apr/2023:14:58:03 +0000] "POST /api/history/checkin HTTP/1.1" - - "-" "ESP32 HTTP Client/1.0"
::ffff:192.168.43.198 - - [14/Apr/2023:14:58:34 +0000] "GET /api/history/user?id=641978bd4d078744fad083d6 HTTP/1.1" 200 4429 "-" "Dart/2.18 (dart:io)"
::ffff:192.168.43.168 - - [14/Apr/2023:14:59:03 +0000] "POST /api/history/checkin HTTP/1.1" - - "-" "ESP32 HTTP Client/1.0"
::ffff:192.168.43.168 - - [14/Apr/2023:15:01:17 +0000] "POST /api/history/checkin HTTP/1.1" - - "-" "ESP32 HTTP Client/1.0"
::ffff:192.168.43.168 - - [14/Apr/2023:15:01:42 +0000] "POST /api/history/checkin HTTP/1.1" - - "-" "ESP32 HTTP Client/1.0"
::ffff:192.168.43.168 - - [14/Apr/2023:15:01:57 +0000] "POST /api/history/checkin HTTP/1.1" - - "-" "ESP32 HTTP Client/1.0"
::ffff:192.168.43.198 - - [14/Apr/2023:15:03:51 +0000] "GET /api/history/user?id=641978bd4d078744fad083d6 HTTP/1.1" 200 4568 "-" "Dart/2.18 (dart:io)"
::ffff:192.168.43.168 - - [14/Apr/2023:15:04:42 +0000] "POST /api/history/checkin HTTP/1.1" - - "-" "ESP32 HTTP Client/1.0"
::ffff:192.168.43.168 - - [14/Apr/2023:15:05:07 +0000] "POST /api/history/checkin HTTP/1.1" - - "-" "ESP32 HTTP Client/1.0"
::ffff:192.168.43.168 - - [14/Apr/2023:15:07:45 +0000] "POST /api/history/checkin HTTP/1.1" - - "-" "ESP32 HTTP Client/1.0"
::ffff:192.168.43.198 - - [14/Apr/2023:15:07:52 +0000] "GET /api/history/user?id=641978bd4d078744fad083d6 HTTP/1.1" 200 4707 "-" "Dart/2.18 (dart:io)"
::ffff:192.168.2.1 - - [14/Apr/2023:15:17:33 +0000] "POST /api/training/add-image-user/6429a427399cd63afc2a9237 HTTP/1.1" 200 9 "-" "PostmanRuntime/7.32.2"
::ffff:192.168.2.1 - - [14/Apr/2023:15:18:55 +0000] "POST /api/training/training-user/6429a427399cd63afc2a9237 HTTP/1.1" 200 9 "-" "PostmanRuntime/7.32.2"
::ffff:192.168.2.1 - - [14/Apr/2023:15:19:16 +0000] "POST /api/history/checkin HTTP/1.1" 200 21 "-" "PostmanRuntime/7.32.2"
::ffff:192.168.2.1 - - [14/Apr/2023:15:19:42 +0000] "POST /api/history/checkin HTTP/1.1" 200 21 "-" "PostmanRuntime/7.32.2"
::ffff:192.168.2.1 - - [14/Apr/2023:15:20:01 +0000] "POST /api/history/checkin HTTP/1.1" 200 21 "-" "PostmanRuntime/7.32.2"
::ffff:192.168.2.1 - - [14/Apr/2023:15:20:41 +0000] "POST /api/history/checkin HTTP/1.1" 200 21 "-" "PostmanRuntime/7.32.2"
::ffff:192.168.2.1 - - [14/Apr/2023:15:22:59 +0000] "POST /api/history/checkin HTTP/1.1" 200 21 "-" "PostmanRuntime/7.32.2"
::ffff:192.168.43.198 - - [15/Apr/2023:01:04:38 +0000] "GET /api/history/user?id=641978bd4d078744fad083d6 HTTP/1.1" 200 4707 "-" "Dart/2.18 (dart:io)"
::ffff:192.168.43.168 - - [15/Apr/2023:01:05:27 +0000] "POST /api/history/checkin HTTP/1.1" - - "-" "ESP32 HTTP Client/1.0"
::ffff:192.168.43.198 - - [15/Apr/2023:01:06:44 +0000] "POST /api/authentication/login HTTP/1.1" 200 90 "-" "Dart/2.18 (dart:io)"
::ffff:192.168.43.198 - - [15/Apr/2023:01:06:45 +0000] "GET /api/history/user?id=641978bd4d078744fad083d6 HTTP/1.1" 200 4912 "-" "Dart/2.18 (dart:io)"
::ffff:192.168.43.198 - - [15/Apr/2023:01:09:20 +0000] "GET /api/history/user?id=641978bd4d078744fad083d6 HTTP/1.1" 200 4912 "-" "Dart/2.18 (dart:io)"
::ffff:192.168.43.198 - - [15/Apr/2023:01:09:55 +0000] "GET /api/history/user?id=641978bd4d078744fad083d6 HTTP/1.1" 200 4912 "-" "Dart/2.18 (dart:io)"
::ffff:192.168.43.168 - - [15/Apr/2023:01:10:32 +0000] "POST /api/history/checkin HTTP/1.1" - - "-" "ESP32 HTTP Client/1.0"
::ffff:192.168.43.168 - - [15/Apr/2023:01:11:05 +0000] "POST /api/history/checkin HTTP/1.1" - - "-" "ESP32 HTTP Client/1.0"
::ffff:192.168.43.168 - - [15/Apr/2023:01:11:23 +0000] "POST /api/history/checkin HTTP/1.1" - - "-" "ESP32 HTTP Client/1.0"
::ffff:192.168.43.168 - - [15/Apr/2023:01:11:39 +0000] "POST /api/history/checkin HTTP/1.1" - - "-" "ESP32 HTTP Client/1.0"
::ffff:192.168.43.168 - - [15/Apr/2023:01:11:58 +0000] "POST /api/history/checkin HTTP/1.1" - - "-" "ESP32 HTTP Client/1.0"
::ffff:192.168.43.168 - - [15/Apr/2023:01:12:14 +0000] "POST /api/history/checkin HTTP/1.1" - - "-" "ESP32 HTTP Client/1.0"
::ffff:192.168.43.198 - - [15/Apr/2023:01:13:08 +0000] "POST /api/history/checkin HTTP/1.1" 200 21 "-" "PostmanRuntime/7.32.2"
::ffff:192.168.43.198 - - [15/Apr/2023:01:13:55 +0000] "POST /api/history/checkin HTTP/1.1" 200 21 "-" "PostmanRuntime/7.32.2"
::ffff:192.168.43.168 - - [15/Apr/2023:01:14:30 +0000] "POST /api/history/checkin HTTP/1.1" - - "-" "ESP32 HTTP Client/1.0"
::ffff:192.168.43.168 - - [15/Apr/2023:01:16:00 +0000] "POST /api/history/checkin HTTP/1.1" - - "-" "ESP32 HTTP Client/1.0"
::ffff:192.168.43.198 - - [15/Apr/2023:01:17:13 +0000] "GET /api/history/user?id=641978bd4d078744fad083d6 HTTP/1.1" 200 5050 "-" "Dart/2.18 (dart:io)"
::ffff:192.168.43.198 - - [15/Apr/2023:01:17:47 +0000] "GET /api/history/user?id=641978bd4d078744fad083d6 HTTP/1.1" 200 4707 "-" "Dart/2.18 (dart:io)"
::ffff:192.168.43.168 - - [15/Apr/2023:01:18:32 +0000] "POST /api/history/checkin HTTP/1.1" - - "-" "ESP32 HTTP Client/1.0"
::ffff:192.168.43.168 - - [15/Apr/2023:01:19:09 +0000] "POST /api/history/checkin HTTP/1.1" - - "-" "ESP32 HTTP Client/1.0"
::ffff:192.168.43.168 - - [15/Apr/2023:01:19:51 +0000] "POST /api/history/checkin HTTP/1.1" - - "-" "ESP32 HTTP Client/1.0"
::ffff:192.168.43.168 - - [15/Apr/2023:01:20:02 +0000] "POST /api/history/checkin HTTP/1.1" - - "-" "ESP32 HTTP Client/1.0"
::ffff:192.168.43.168 - - [15/Apr/2023:01:20:21 +0000] "POST /api/history/checkin HTTP/1.1" - - "-" "ESP32 HTTP Client/1.0"
::ffff:192.168.43.168 - - [15/Apr/2023:01:21:01 +0000] "POST /api/history/checkin HTTP/1.1" - - "-" "ESP32 HTTP Client/1.0"
::ffff:192.168.43.168 - - [15/Apr/2023:01:21:21 +0000] "POST /api/history/checkin HTTP/1.1" - - "-" "ESP32 HTTP Client/1.0"
::ffff:192.168.43.168 - - [15/Apr/2023:01:25:16 +0000] "POST /api/history/checkin HTTP/1.1" - - "-" "ESP32 HTTP Client/1.0"
::ffff:192.168.43.198 - - [15/Apr/2023:01:29:05 +0000] "GET /api/history/user?id=641978bd4d078744fad083d6 HTTP/1.1" 200 5118 "-" "Dart/2.18 (dart:io)"
::ffff:192.168.43.198 - - [15/Apr/2023:01:30:33 +0000] "POST /api/authentication/login HTTP/1.1" 200 94 "-" "Dart/2.18 (dart:io)"
::ffff:192.168.43.198 - - [15/Apr/2023:01:30:33 +0000] "GET /api/history/user?id=642545918133812ecc40e2bb HTTP/1.1" 200 267 "-" "Dart/2.18 (dart:io)"
::ffff:192.168.43.168 - - [15/Apr/2023:01:32:09 +0000] "POST /api/history/checkin HTTP/1.1" - - "-" "ESP32 HTTP Client/1.0"
::ffff:192.168.1.17 - - [20/Apr/2023:03:53:44 +0000] "GET /api/history/user?id=641978bd4d078744fad083d6 HTTP/1.1" 200 5118 "-" "PostmanRuntime/7.32.2"
::ffff:192.168.1.17 - - [20/Apr/2023:03:55:40 +0000] "GET /api/history/user?id=642545918133812ecc40e2bb HTTP/1.1" 200 336 "-" "Dart/2.18 (dart:io)"
::ffff:192.168.1.17 - - [20/Apr/2023:03:56:00 +0000] "POST /api/authentication/login HTTP/1.1" 200 90 "-" "Dart/2.18 (dart:io)"
::ffff:192.168.1.17 - - [20/Apr/2023:03:56:00 +0000] "GET /api/history/user?id=641978bd4d078744fad083d6 HTTP/1.1" 200 5118 "-" "Dart/2.18 (dart:io)"
::ffff:192.168.1.17 - - [20/Apr/2023:04:23:23 +0000] "GET /api/history/user?id=641978bd4d078744fad083d6 HTTP/1.1" 200 5118 "-" "Dart/2.18 (dart:io)"
::ffff:192.168.1.17 - - [20/Apr/2023:04:24:11 +0000] "GET /api/history/user?id=641978bd4d078744fad083d6 HTTP/1.1" 200 5118 "-" "Dart/2.18 (dart:io)"
::ffff:192.168.1.17 - - [20/Apr/2023:06:56:33 +0000] "GET /api/history/user?id=641978bd4d078744fad083d6 HTTP/1.1" 200 5118 "-" "Dart/2.18 (dart:io)"
::ffff:192.168.1.17 - - [20/Apr/2023:07:04:39 +0000] "GET /api/history/user?id=641978bd4d078744fad083d6 HTTP/1.1" 200 5118 "-" "Dart/2.18 (dart:io)"
::ffff:192.168.1.17 - - [20/Apr/2023:07:07:46 +0000] "GET /api/history/user?id=641978bd4d078744fad083d6 HTTP/1.1" 200 5118 "-" "PostmanRuntime/7.32.2"
::ffff:192.168.1.17 - - [20/Apr/2023:07:08:26 +0000] "GET /api/history/user?id=641978bd4d078744fad083d6 HTTP/1.1" 200 5118 "-" "PostmanRuntime/7.32.2"
::ffff:192.168.1.17 - - [20/Apr/2023:07:11:08 +0000] "GET /api/history/user?id=641978bd4d078744fad083d6 HTTP/1.1" 200 3659 "-" "PostmanRuntime/7.32.2"
::ffff:192.168.1.17 - - [20/Apr/2023:07:13:16 +0000] "GET /api/history/user?id=641978bd4d078744fad083d6&month&year HTTP/1.1" 200 234 "-" "PostmanRuntime/7.32.2"
::ffff:192.168.1.17 - - [20/Apr/2023:07:13:31 +0000] "GET /api/history/user?id=641978bd4d078744fad083d6&month&year HTTP/1.1" 200 234 "-" "PostmanRuntime/7.32.2"
::ffff:192.168.1.17 - - [20/Apr/2023:07:13:47 +0000] "GET /api/history/user?id=641978bd4d078744fad083d6&month&year HTTP/1.1" 200 234 "-" "PostmanRuntime/7.32.2"
::ffff:192.168.1.17 - - [20/Apr/2023:07:14:42 +0000] "GET /api/history/user?id=641978bd4d078744fad083d6&month&year HTTP/1.1" 200 234 "-" "PostmanRuntime/7.32.2"
::ffff:192.168.1.17 - - [20/Apr/2023:07:14:52 +0000] "GET /api/history/user?id=641978bd4d078744fad083d6 HTTP/1.1" 200 234 "-" "PostmanRuntime/7.32.2"
::ffff:192.168.1.17 - - [20/Apr/2023:07:15:03 +0000] "GET /api/history/user?id=641978bd4d078744fad083d6&month=03&year=2023 HTTP/1.1" 200 63 "-" "PostmanRuntime/7.32.2"
::ffff:192.168.1.17 - - [20/Apr/2023:07:22:28 +0000] "GET /api/history/user?id=641978bd4d078744fad083d6 HTTP/1.1" 200 234 "-" "Dart/2.18 (dart:io)"
::ffff:192.168.1.17 - - [20/Apr/2023:07:22:50 +0000] "GET /api/history/user?id=641978bd4d078744fad083d6 HTTP/1.1" 200 234 "-" "Dart/2.18 (dart:io)"
::ffff:192.168.1.17 - - [20/Apr/2023:07:23:13 +0000] "GET /api/history/user?id=641978bd4d078744fad083d6 HTTP/1.1" 200 234 "-" "PostmanRuntime/7.32.2"
::ffff:192.168.1.17 - - [20/Apr/2023:07:23:33 +0000] "GET /api/history/user?id=641978bd4d078744fad083d6 HTTP/1.1" 200 234 "-" "PostmanRuntime/7.32.2"
::ffff:192.168.1.17 - - [20/Apr/2023:07:24:23 +0000] "GET /api/history/user?id=641978bd4d078744fad083d6 HTTP/1.1" 200 234 "-" "PostmanRuntime/7.32.2"
::ffff:192.168.1.17 - - [20/Apr/2023:07:25:29 +0000] "GET /api/history/user?id=641978bd4d078744fad083d6 HTTP/1.1" 200 234 "-" "PostmanRuntime/7.32.2"
::ffff:192.168.1.17 - - [20/Apr/2023:07:25:51 +0000] "GET /api/history/user?id=641978bd4d078744fad083d6 HTTP/1.1" 200 234 "-" "PostmanRuntime/7.32.2"
::ffff:192.168.1.17 - - [20/Apr/2023:07:25:57 +0000] "GET /api/history/user?id=641978bd4d078744fad083d6 HTTP/1.1" 200 234 "-" "PostmanRuntime/7.32.2"
::ffff:192.168.1.17 - - [20/Apr/2023:07:26:51 +0000] "GET /api/history/user?id=641978bd4d078744fad083d6 HTTP/1.1" 200 234 "-" "PostmanRuntime/7.32.2"
::ffff:192.168.1.17 - - [20/Apr/2023:07:27:40 +0000] "GET /api/history/user?id=641978bd4d078744fad083d6 HTTP/1.1" 200 234 "-" "PostmanRuntime/7.32.2"
::ffff:192.168.1.17 - - [20/Apr/2023:07:27:47 +0000] "GET /api/history/user?id=641978bd4d078744fad083d6 HTTP/1.1" 200 234 "-" "PostmanRuntime/7.32.2"
::ffff:192.168.1.17 - - [20/Apr/2023:07:28:14 +0000] "GET /api/history/user?id=641978bd4d078744fad083d6 HTTP/1.1" 200 5118 "-" "PostmanRuntime/7.32.2"
::ffff:192.168.1.17 - - [20/Apr/2023:07:28:26 +0000] "GET /api/history/user?id=641978bd4d078744fad083d6 HTTP/1.1" 200 3659 "-" "PostmanRuntime/7.32.2"
::ffff:192.168.1.17 - - [20/Apr/2023:07:28:43 +0000] "GET /api/history/user?id=641978bd4d078744fad083d6 HTTP/1.1" 200 3659 "-" "Dart/2.18 (dart:io)"
::ffff:192.168.1.17 - - [20/Apr/2023:07:33:29 +0000] "GET /api/history/user?id=641978bd4d078744fad083d6&month=03&year=2023 HTTP/1.1" 200 3659 "-" "PostmanRuntime/7.32.2"
::ffff:192.168.1.17 - - [20/Apr/2023:07:33:49 +0000] "GET /api/history/user?id=641978bd4d078744fad083d6&month=03&year=2023 HTTP/1.1" 200 1521 "-" "PostmanRuntime/7.32.2"
::ffff:192.168.1.17 - - [20/Apr/2023:07:36:15 +0000] "GET /api/history/user?id=641978bd4d078744fad083d6 HTTP/1.1" 200 3659 "-" "Dart/2.18 (dart:io)"
::ffff:192.168.1.17 - - [20/Apr/2023:07:36:30 +0000] "GET /api/history/user?id=641978bd4d078744fad083d6 HTTP/1.1" 200 3659 "-" "Dart/2.18 (dart:io)"
::ffff:192.168.1.17 - - [20/Apr/2023:07:37:11 +0000] "GET /api/history/user?id=641978bd4d078744fad083d6&month=03&year=2023 HTTP/1.1" 200 1521 "-" "Dart/2.18 (dart:io)"
::ffff:192.168.1.17 - - [20/Apr/2023:07:37:16 +0000] "GET /api/history/user?id=641978bd4d078744fad083d6&month=04&year=2023 HTTP/1.1" 200 3659 "-" "Dart/2.18 (dart:io)"
::ffff:192.168.1.17 - - [20/Apr/2023:07:38:14 +0000] "GET /api/history/user?id=641978bd4d078744fad083d6&month=04&year=2023 HTTP/1.1" 200 3659 "-" "Dart/2.18 (dart:io)"
::ffff:192.168.1.17 - - [20/Apr/2023:07:39:11 +0000] "GET /api/history/user?id=641978bd4d078744fad083d6&month=04&year=2023 HTTP/1.1" 200 3659 "-" "PostmanRuntime/7.32.2"
::ffff:192.168.1.17 - - [20/Apr/2023:07:40:16 +0000] "GET /api/history/user?id=641978bd4d078744fad083d6&month=04&year=2023 HTTP/1.1" 200 3659 "-" "PostmanRuntime/7.32.2"
::ffff:192.168.1.17 - - [20/Apr/2023:07:40:54 +0000] "GET /api/history/user?id=641978bd4d078744fad083d6&month=04&year=2023 HTTP/1.1" 200 3659 "-" "PostmanRuntime/7.32.2"
::ffff:192.168.1.17 - - [20/Apr/2023:07:40:56 +0000] "GET /api/history/user?id=641978bd4d078744fad083d6&month=04&year=2023 HTTP/1.1" 200 3659 "-" "PostmanRuntime/7.32.2"
::ffff:192.168.1.17 - - [20/Apr/2023:07:41:43 +0000] "GET /api/history/user?id=641978bd4d078744fad083d6&month=04&year=2023 HTTP/1.1" 200 3675 "-" "PostmanRuntime/7.32.2"
