::ffff:192.168.1.20 - - [21/Apr/2023:07:05:08 +0000] "GET /api/history/user?id=641978bd4d078744fad083d6&month=04&year=2023 HTTP/1.1" 200 3675 "-" "PostmanRuntime/7.32.2"
::ffff:192.168.1.20 - - [21/Apr/2023:07:05:16 +0000] "GET /api/history/user?id=641978bd4d078744fad083d6&month=03&year=2023 HTTP/1.1" 200 1537 "-" "PostmanRuntime/7.32.2"
::ffff:192.168.1.20 - - [21/Apr/2023:07:05:22 +0000] "GET /api/history/user?id=641978bd4d078744fad083d6&month=04&year=2023 HTTP/1.1" 200 3675 "-" "PostmanRuntime/7.32.2"
::ffff:192.168.1.20 - - [21/Apr/2023:07:06:44 +0000] "GET /api/history/user?id=641978bd4d078744fad083d6&month=04&year=2023 HTTP/1.1" 200 3675 "-" "PostmanRuntime/7.32.2"
::ffff:192.168.1.20 - - [21/Apr/2023:07:07:01 +0000] "GET /api/history/user?id=641978bd4d078744fad083d6&month=04&year=2023 HTTP/1.1" 200 3675 "-" "PostmanRuntime/7.32.2"
::ffff:192.168.1.20 - - [21/Apr/2023:07:07:33 +0000] "GET /api/history/user?id=641978bd4d078744fad083d6&month=04&year=2023 HTTP/1.1" 200 3675 "-" "PostmanRuntime/7.32.2"
::ffff:192.168.1.20 - - [21/Apr/2023:07:07:45 +0000] "GET /api/history/user?id=641978bd4d078744fad083d6&month=04&year=2023 HTTP/1.1" 200 3675 "-" "PostmanRuntime/7.32.2"
::ffff:192.168.1.20 - - [21/Apr/2023:07:13:46 +0000] "GET /api/history/user?id=641978bd4d078744fad083d6 HTTP/1.1" 200 3675 "-" "Dart/2.18 (dart:io)"
::ffff:192.168.1.20 - - [21/Apr/2023:07:13:50 +0000] "GET /api/history/user?id=641978bd4d078744fad083d6&month=03&year=2023 HTTP/1.1" 200 1537 "-" "Dart/2.18 (dart:io)"
::ffff:192.168.1.20 - - [21/Apr/2023:07:13:54 +0000] "GET /api/history/user?id=641978bd4d078744fad083d6&month=04&year=2023 HTTP/1.1" 200 3675 "-" "Dart/2.18 (dart:io)"
::ffff:192.168.1.20 - - [21/Apr/2023:07:17:16 +0000] "GET /api/history/user?id=641978bd4d078744fad083d6&month=04&year=2023 HTTP/1.1" 200 3675 "-" "PostmanRuntime/7.32.2"
::ffff:192.168.1.20 - - [21/Apr/2023:07:19:14 +0000] "GET /api/history/user?id=641978bd4d078744fad083d6&month=04&year=2023 HTTP/1.1" 200 3675 "-" "PostmanRuntime/7.32.2"
::ffff:192.168.1.20 - - [21/Apr/2023:07:19:58 +0000] "GET /api/history/user?id=641978bd4d078744fad083d6&month=04&year=2023 HTTP/1.1" 200 3675 "-" "PostmanRuntime/7.32.2"
::ffff:192.168.1.20 - - [21/Apr/2023:07:22:29 +0000] "GET /api/history/user?id=641978bd4d078744fad083d6&month=04&year=2023 HTTP/1.1" 200 3699 "-" "PostmanRuntime/7.32.2"
::ffff:192.168.1.20 - - [21/Apr/2023:07:23:04 +0000] "GET /api/history/user?id=641978bd4d078744fad083d6&month=04&year=2023 HTTP/1.1" 200 3708 "-" "PostmanRuntime/7.32.2"
::ffff:192.168.1.20 - - [21/Apr/2023:07:28:39 +0000] "GET /api/history/user?id=641978bd4d078744fad083d6 HTTP/1.1" 200 3708 "-" "Dart/2.18 (dart:io)"
::ffff:192.168.1.20 - - [21/Apr/2023:07:28:55 +0000] "GET /api/history/user?id=641978bd4d078744fad083d6 HTTP/1.1" 200 3708 "-" "Dart/2.18 (dart:io)"
::ffff:192.168.1.20 - - [21/Apr/2023:07:30:06 +0000] "GET /api/history/user?id=641978bd4d078744fad083d6 HTTP/1.1" 200 3708 "-" "Dart/2.18 (dart:io)"
::ffff:192.168.1.20 - - [21/Apr/2023:07:30:22 +0000] "GET /api/history/user?id=641978bd4d078744fad083d6 HTTP/1.1" 200 3708 "-" "Dart/2.18 (dart:io)"
::ffff:192.168.1.20 - - [21/Apr/2023:07:31:06 +0000] "GET /api/history/user?id=641978bd4d078744fad083d6 HTTP/1.1" 200 3708 "-" "Dart/2.18 (dart:io)"
::ffff:192.168.1.20 - - [21/Apr/2023:07:31:49 +0000] "GET /api/history/user?id=641978bd4d078744fad083d6 HTTP/1.1" 200 3708 "-" "Dart/2.18 (dart:io)"
::ffff:192.168.1.20 - - [21/Apr/2023:07:32:04 +0000] "GET /api/history/user?id=641978bd4d078744fad083d6 HTTP/1.1" 200 3708 "-" "Dart/2.18 (dart:io)"
::ffff:192.168.1.20 - - [21/Apr/2023:07:32:28 +0000] "GET /api/history/user?id=641978bd4d078744fad083d6&month=03&year=2023 HTTP/1.1" 200 1570 "-" "Dart/2.18 (dart:io)"
::ffff:192.168.1.20 - - [21/Apr/2023:07:33:13 +0000] "GET /api/history/user?id=641978bd4d078744fad083d6 HTTP/1.1" 200 3708 "-" "Dart/2.18 (dart:io)"
::ffff:192.168.1.20 - - [21/Apr/2023:07:33:33 +0000] "GET /api/history/user?id=641978bd4d078744fad083d6 HTTP/1.1" 200 3708 "-" "Dart/2.18 (dart:io)"
::ffff:192.168.1.20 - - [21/Apr/2023:07:34:19 +0000] "GET /api/history/user?id=641978bd4d078744fad083d6 HTTP/1.1" 200 3708 "-" "Dart/2.18 (dart:io)"
::ffff:192.168.1.20 - - [21/Apr/2023:07:35:27 +0000] "GET /api/history/user?id=641978bd4d078744fad083d6&month=03&year=2023 HTTP/1.1" 200 1558 "-" "Dart/2.18 (dart:io)"
::ffff:192.168.1.20 - - [21/Apr/2023:07:35:30 +0000] "GET /api/history/user?id=641978bd4d078744fad083d6&month=04&year=2023 HTTP/1.1" 200 3696 "-" "Dart/2.18 (dart:io)"
::ffff:192.168.1.20 - - [21/Apr/2023:08:51:54 +0000] "GET /api/history/user?id=641978bd4d078744fad083d6 HTTP/1.1" 200 3696 "-" "Dart/2.18 (dart:io)"
::ffff:192.168.43.198 - - [21/Apr/2023:08:53:13 +0000] "GET /api/history/user?id=641978bd4d078744fad083d6 HTTP/1.1" 200 3696 "-" "Dart/2.18 (dart:io)"
::ffff:192.168.43.1 - - [21/Apr/2023:08:57:45 +0000] "POST /api/authentication/login HTTP/1.1" 200 90 "-" "Dart/2.18 (dart:io)"
::ffff:192.168.43.1 - - [21/Apr/2023:08:57:45 +0000] "GET /api/history/user?id=641978bd4d078744fad083d6 HTTP/1.1" 200 3696 "-" "Dart/2.18 (dart:io)"
::ffff:192.168.43.1 - - [21/Apr/2023:08:57:57 +0000] "GET /api/history/user?id=641978bd4d078744fad083d6&month=03&year=2023 HTTP/1.1" 200 1558 "-" "Dart/2.18 (dart:io)"
::ffff:192.168.43.198 - - [21/Apr/2023:08:58:51 +0000] "POST /api/history/checkin HTTP/1.1" 200 21 "-" "PostmanRuntime/7.32.2"
::ffff:192.168.43.1 - - [21/Apr/2023:08:58:56 +0000] "GET /api/history/user?id=641978bd4d078744fad083d6 HTTP/1.1" 200 3902 "-" "Dart/2.18 (dart:io)"
::ffff:192.168.43.198 - - [21/Apr/2023:09:00:34 +0000] "POST /api/history/checkin HTTP/1.1" 200 21 "-" "PostmanRuntime/7.32.2"
::ffff:192.168.43.168 - - [23/Apr/2023:12:49:01 +0000] "POST /api/history/checkin HTTP/1.1" - - "-" "ESP32 HTTP Client/1.0"
::ffff:192.168.43.168 - - [23/Apr/2023:12:51:03 +0000] "POST /api/history/checkin HTTP/1.1" - - "-" "ESP32 HTTP Client/1.0"
::ffff:192.168.43.168 - - [23/Apr/2023:12:51:32 +0000] "POST /api/history/checkin HTTP/1.1" - - "-" "ESP32 HTTP Client/1.0"
::ffff:192.168.43.168 - - [23/Apr/2023:12:52:25 +0000] "POST /api/history/checkin HTTP/1.1" - - "-" "ESP32 HTTP Client/1.0"
::ffff:192.168.43.168 - - [23/Apr/2023:12:54:00 +0000] "POST /api/history/checkin HTTP/1.1" - - "-" "ESP32 HTTP Client/1.0"
::ffff:192.168.43.168 - - [23/Apr/2023:13:01:14 +0000] "POST /api/history/checkin HTTP/1.1" - - "-" "ESP32 HTTP Client/1.0"
::ffff:192.168.43.168 - - [23/Apr/2023:13:02:16 +0000] "POST /api/history/checkin HTTP/1.1" - - "-" "ESP32 HTTP Client/1.0"
::ffff:192.168.43.168 - - [23/Apr/2023:13:04:57 +0000] "POST /api/history/checkin HTTP/1.1" - - "-" "ESP32 HTTP Client/1.0"
::ffff:192.168.43.168 - - [23/Apr/2023:13:05:17 +0000] "POST /api/history/checkin HTTP/1.1" - - "-" "ESP32 HTTP Client/1.0"
::ffff:192.168.43.168 - - [23/Apr/2023:13:05:32 +0000] "POST /api/history/checkin HTTP/1.1" - - "-" "ESP32 HTTP Client/1.0"
::ffff:192.168.43.168 - - [23/Apr/2023:13:06:03 +0000] "POST /api/history/checkin HTTP/1.1" - - "-" "ESP32 HTTP Client/1.0"
::ffff:192.168.43.168 - - [23/Apr/2023:13:06:23 +0000] "POST /api/history/checkin HTTP/1.1" - - "-" "ESP32 HTTP Client/1.0"
::ffff:192.168.43.168 - - [23/Apr/2023:13:06:53 +0000] "POST /api/history/checkin HTTP/1.1" - - "-" "ESP32 HTTP Client/1.0"
::ffff:192.168.43.168 - - [23/Apr/2023:13:07:10 +0000] "POST /api/history/checkin HTTP/1.1" - - "-" "ESP32 HTTP Client/1.0"
::ffff:192.168.43.168 - - [23/Apr/2023:13:07:36 +0000] "POST /api/history/checkin HTTP/1.1" - - "-" "ESP32 HTTP Client/1.0"
::ffff:192.168.43.168 - - [23/Apr/2023:13:08:41 +0000] "POST /api/history/checkin HTTP/1.1" - - "-" "ESP32 HTTP Client/1.0"
::ffff:192.168.43.168 - - [23/Apr/2023:13:09:35 +0000] "POST /api/history/checkin HTTP/1.1" - - "-" "ESP32 HTTP Client/1.0"
::ffff:192.168.43.168 - - [23/Apr/2023:13:09:46 +0000] "POST /api/history/checkin HTTP/1.1" - - "-" "ESP32 HTTP Client/1.0"
::ffff:192.168.43.1 - - [23/Apr/2023:13:09:54 +0000] "GET /api/history/user?id=641978bd4d078744fad083d6 HTTP/1.1" 200 4318 "-" "Dart/2.18 (dart:io)"
::ffff:192.168.43.168 - - [23/Apr/2023:13:10:26 +0000] "POST /api/history/checkin HTTP/1.1" - - "-" "ESP32 HTTP Client/1.0"
::ffff:192.168.43.168 - - [23/Apr/2023:13:12:47 +0000] "POST /api/history/checkin HTTP/1.1" - - "-" "ESP32 HTTP Client/1.0"
::ffff:192.168.43.168 - - [23/Apr/2023:13:13:02 +0000] "POST /api/history/checkin HTTP/1.1" - - "-" "ESP32 HTTP Client/1.0"
::ffff:192.168.43.168 - - [23/Apr/2023:13:13:38 +0000] "POST /api/history/checkin HTTP/1.1" - - "-" "ESP32 HTTP Client/1.0"
::ffff:192.168.43.168 - - [23/Apr/2023:13:13:58 +0000] "POST /api/history/checkin HTTP/1.1" - - "-" "ESP32 HTTP Client/1.0"
::ffff:192.168.43.168 - - [23/Apr/2023:13:14:13 +0000] "POST /api/history/checkin HTTP/1.1" - - "-" "ESP32 HTTP Client/1.0"
::ffff:192.168.43.168 - - [23/Apr/2023:13:15:09 +0000] "POST /api/history/checkin HTTP/1.1" - - "-" "ESP32 HTTP Client/1.0"
::ffff:192.168.43.1 - - [08/May/2023:12:52:57 +0000] "GET /api/history/user?id=641978bd4d078744fad083d6 HTTP/1.1" - - "-" "Dart/2.18 (dart:io)"
::ffff:192.168.43.1 - - [08/May/2023:12:53:03 +0000] "GET /api/history/user?id=641978bd4d078744fad083d6 HTTP/1.1" 200 93 "-" "Dart/2.18 (dart:io)"
::ffff:192.168.43.1 - - [08/May/2023:12:53:12 +0000] "GET /api/history/user?id=641978bd4d078744fad083d6&month=04&year=2023 HTTP/1.1" 200 4388 "-" "Dart/2.18 (dart:io)"
::ffff:192.168.43.168 - - [08/May/2023:12:57:23 +0000] "POST /api/history/checkin HTTP/1.1" - - "-" "ESP32 HTTP Client/1.0"
::ffff:192.168.43.168 - - [08/May/2023:12:57:23 +0000] "POST /api/history/checkin HTTP/1.1" - - "-" "ESP32 HTTP Client/1.0"
::ffff:192.168.43.168 - - [08/May/2023:12:58:22 +0000] "POST /api/history/checkin HTTP/1.1" - - "-" "ESP32 HTTP Client/1.0"
::ffff:192.168.43.168 - - [08/May/2023:12:58:32 +0000] "POST /api/history/checkin HTTP/1.1" - - "-" "ESP32 HTTP Client/1.0"
::ffff:192.168.43.168 - - [08/May/2023:12:59:13 +0000] "POST /api/history/checkin HTTP/1.1" - - "-" "ESP32 HTTP Client/1.0"
::ffff:192.168.43.168 - - [08/May/2023:12:59:13 +0000] "POST /api/history/checkin HTTP/1.1" - - "-" "ESP32 HTTP Client/1.0"
::ffff:192.168.43.168 - - [08/May/2023:13:00:17 +0000] "POST /api/history/checkin HTTP/1.1" - - "-" "ESP32 HTTP Client/1.0"
::ffff:192.168.43.168 - - [08/May/2023:13:02:13 +0000] "POST /api/history/checkin HTTP/1.1" - - "-" "ESP32 HTTP Client/1.0"
::ffff:192.168.43.1 - - [08/May/2023:13:02:20 +0000] "GET /api/history/user?id=641978bd4d078744fad083d6 HTTP/1.1" 200 298 "-" "Dart/2.18 (dart:io)"
::ffff:192.168.43.168 - - [08/May/2023:13:02:53 +0000] "POST /api/history/checkin HTTP/1.1" - - "-" "ESP32 HTTP Client/1.0"
::ffff:192.168.43.1 - - [08/May/2023:13:02:56 +0000] "GET /api/history/user?id=641978bd4d078744fad083d6 HTTP/1.1" 200 368 "-" "Dart/2.18 (dart:io)"
::ffff:192.168.43.168 - - [08/May/2023:13:03:38 +0000] "POST /api/history/checkin HTTP/1.1" - - "-" "ESP32 HTTP Client/1.0"
::ffff:192.168.43.168 - - [08/May/2023:13:06:09 +0000] "POST /api/history/checkin HTTP/1.1" - - "-" "ESP32 HTTP Client/1.0"
::ffff:192.168.43.168 - - [08/May/2023:15:17:51 +0000] "POST /api/history/checkin HTTP/1.1" - - "-" "ESP32 HTTP Client/1.0"
::ffff:192.168.43.168 - - [08/May/2023:15:18:29 +0000] "POST /api/history/checkin HTTP/1.1" - - "-" "ESP32 HTTP Client/1.0"
::ffff:192.168.43.168 - - [08/May/2023:15:18:29 +0000] "POST /api/history/checkin HTTP/1.1" - - "-" "ESP32 HTTP Client/1.0"
::ffff:192.168.43.1 - - [08/May/2023:15:18:34 +0000] "GET /api/history/user?id=641978bd4d078744fad083d6 HTTP/1.1" 200 579 "-" "Dart/2.18 (dart:io)"
::ffff:192.168.43.168 - - [08/May/2023:15:18:56 +0000] "POST /api/history/checkin HTTP/1.1" - - "-" "ESP32 HTTP Client/1.0"
::ffff:192.168.43.1 - - [08/May/2023:15:19:44 +0000] "GET /api/history/user?id=641978bd4d078744fad083d6 HTTP/1.1" 200 579 "-" "Dart/2.18 (dart:io)"
::ffff:192.168.43.1 - - [08/May/2023:15:21:44 +0000] "GET /api/history/user?id=641978bd4d078744fad083d6 HTTP/1.1" - - "-" "Dart/2.18 (dart:io)"
::ffff:192.168.43.1 - - [08/May/2023:15:21:45 +0000] "GET /api/history/user?id=641978bd4d078744fad083d6 HTTP/1.1" 200 579 "-" "Dart/2.18 (dart:io)"
::ffff:192.168.43.1 - - [08/May/2023:15:22:39 +0000] "GET /api/history/user?id=641978bd4d078744fad083d6&month=05&year=2023 HTTP/1.1" 200 579 "-" "Dart/2.18 (dart:io)"
::ffff:192.168.43.1 - - [08/May/2023:15:23:15 +0000] "GET /api/history/user?id=641978bd4d078744fad083d6&month=05&year=2023 HTTP/1.1" 200 579 "-" "Dart/2.18 (dart:io)"
::ffff:192.168.43.1 - - [08/May/2023:15:23:59 +0000] "GET /api/history/user?id=641978bd4d078744fad083d6&month=04&year=2023 HTTP/1.1" 200 4388 "-" "Dart/2.18 (dart:io)"
::ffff:192.168.43.1 - - [08/May/2023:15:24:10 +0000] "GET /api/history/user?id=641978bd4d078744fad083d6&month=04&year=2023 HTTP/1.1" 200 4388 "-" "Dart/2.18 (dart:io)"
::ffff:192.168.43.1 - - [08/May/2023:15:24:14 +0000] "GET /api/history/user?id=641978bd4d078744fad083d6&month=02&year=2023 HTTP/1.1" 200 93 "-" "Dart/2.18 (dart:io)"
::ffff:192.168.43.1 - - [08/May/2023:15:25:38 +0000] "GET /api/history/user?id=641978bd4d078744fad083d6&month=05&year=2023 HTTP/1.1" 200 579 "-" "Dart/2.18 (dart:io)"
::ffff:192.168.43.1 - - [08/May/2023:15:25:42 +0000] "GET /api/history/user?id=641978bd4d078744fad083d6&month=04&year=2023 HTTP/1.1" 200 4388 "-" "Dart/2.18 (dart:io)"
::ffff:192.168.43.1 - - [08/May/2023:15:26:23 +0000] "GET /api/history/user?id=641978bd4d078744fad083d6&month=04&year=2023 HTTP/1.1" 200 4388 "-" "Dart/2.18 (dart:io)"
::ffff:192.168.43.168 - - [08/May/2023:15:27:02 +0000] "POST /api/history/checkin HTTP/1.1" - - "-" "ESP32 HTTP Client/1.0"
::ffff:192.168.43.168 - - [08/May/2023:15:27:40 +0000] "POST /api/history/checkin HTTP/1.1" - - "-" "ESP32 HTTP Client/1.0"
::ffff:192.168.43.168 - - [08/May/2023:15:27:47 +0000] "POST /api/history/checkin HTTP/1.1" - - "-" "ESP32 HTTP Client/1.0"
::ffff:192.168.43.168 - - [08/May/2023:15:27:47 +0000] "POST /api/history/checkin HTTP/1.1" - - "-" "ESP32 HTTP Client/1.0"
::ffff:192.168.43.1 - - [08/May/2023:15:28:29 +0000] "GET /api/history/user?id=641978bd4d078744fad083d6&month=05&year=2023 HTTP/1.1" 200 651 "-" "Dart/2.18 (dart:io)"
::ffff:192.168.43.168 - - [08/May/2023:15:28:48 +0000] "POST /api/history/checkin HTTP/1.1" - - "-" "ESP32 HTTP Client/1.0"
::ffff:192.168.43.168 - - [08/May/2023:15:30:03 +0000] "POST /api/history/checkin HTTP/1.1" - - "-" "ESP32 HTTP Client/1.0"
::ffff:192.168.43.1 - - [08/May/2023:15:30:09 +0000] "GET /api/history/user?id=641978bd4d078744fad083d6 HTTP/1.1" 200 790 "-" "Dart/2.18 (dart:io)"
::ffff:192.168.43.168 - - [10/May/2023:01:22:42 +0000] "POST /api/history/checkin HTTP/1.1" - - "-" "ESP32 HTTP Client/1.0"
::ffff:192.168.43.168 - - [10/May/2023:01:22:42 +0000] "POST /api/history/checkin HTTP/1.1" - - "-" "ESP32 HTTP Client/1.0"
::ffff:192.168.43.168 - - [10/May/2023:01:23:14 +0000] "POST /api/history/checkin HTTP/1.1" - - "-" "ESP32 HTTP Client/1.0"
::ffff:192.168.43.168 - - [10/May/2023:01:23:14 +0000] "POST /api/history/checkin HTTP/1.1" - - "-" "ESP32 HTTP Client/1.0"
::ffff:192.168.43.168 - - [10/May/2023:01:24:34 +0000] "POST /api/history/checkin HTTP/1.1" - - "-" "ESP32 HTTP Client/1.0"
::ffff:192.168.43.1 - - [10/May/2023:01:24:42 +0000] "GET /api/history/user?id=641978bd4d078744fad083d6 HTTP/1.1" 200 790 "-" "Dart/2.18 (dart:io)"
::ffff:192.168.43.168 - - [10/May/2023:01:24:59 +0000] "POST /api/history/checkin HTTP/1.1" - - "-" "ESP32 HTTP Client/1.0"
::ffff:192.168.43.168 - - [10/May/2023:01:25:09 +0000] "POST /api/history/checkin HTTP/1.1" - - "-" "ESP32 HTTP Client/1.0"
::ffff:192.168.43.1 - - [10/May/2023:01:25:43 +0000] "GET /api/history/user?id=641978bd4d078744fad083d6 HTTP/1.1" 200 790 "-" "Dart/2.18 (dart:io)"
::ffff:192.168.43.168 - - [10/May/2023:01:26:09 +0000] "POST /api/history/checkin HTTP/1.1" - - "-" "ESP32 HTTP Client/1.0"
::ffff:192.168.43.168 - - [10/May/2023:01:26:59 +0000] "POST /api/history/checkin HTTP/1.1" - - "-" "ESP32 HTTP Client/1.0"
::ffff:192.168.43.168 - - [10/May/2023:01:27:28 +0000] "POST /api/history/checkin HTTP/1.1" - - "-" "ESP32 HTTP Client/1.0"
::ffff:192.168.43.168 - - [10/May/2023:01:27:35 +0000] "POST /api/history/checkin HTTP/1.1" - - "-" "ESP32 HTTP Client/1.0"
::ffff:192.168.43.168 - - [10/May/2023:01:27:41 +0000] "POST /api/history/checkin HTTP/1.1" - - "-" "ESP32 HTTP Client/1.0"
::ffff:192.168.43.168 - - [10/May/2023:01:27:55 +0000] "POST /api/history/checkin HTTP/1.1" - - "-" "ESP32 HTTP Client/1.0"
::ffff:192.168.43.168 - - [10/May/2023:01:28:08 +0000] "POST /api/history/checkin HTTP/1.1" - - "-" "ESP32 HTTP Client/1.0"
::ffff:192.168.43.168 - - [10/May/2023:01:28:08 +0000] "POST /api/history/checkin HTTP/1.1" 200 21 "-" "ESP32 HTTP Client/1.0"
::ffff:192.168.43.168 - - [10/May/2023:01:28:14 +0000] "POST /api/history/checkin HTTP/1.1" - - "-" "ESP32 HTTP Client/1.0"
::ffff:192.168.43.168 - - [10/May/2023:01:28:14 +0000] "POST /api/history/checkin HTTP/1.1" 200 21 "-" "ESP32 HTTP Client/1.0"
::ffff:192.168.43.168 - - [10/May/2023:01:28:14 +0000] "POST /api/history/checkin HTTP/1.1" - - "-" "ESP32 HTTP Client/1.0"
::ffff:192.168.43.1 - - [10/May/2023:01:28:44 +0000] "GET /api/history/user?id=641978bd4d078744fad083d6&month=07&year=2023 HTTP/1.1" 200 93 "-" "Dart/2.18 (dart:io)"
::ffff:192.168.43.168 - - [10/May/2023:01:30:07 +0000] "POST /api/history/checkin HTTP/1.1" - - "-" "ESP32 HTTP Client/1.0"
::ffff:192.168.43.168 - - [10/May/2023:01:30:34 +0000] "POST /api/history/checkin HTTP/1.1" - - "-" "ESP32 HTTP Client/1.0"
::ffff:192.168.43.168 - - [10/May/2023:01:30:41 +0000] "POST /api/history/checkin HTTP/1.1" - - "-" "ESP32 HTTP Client/1.0"
::ffff:192.168.43.168 - - [10/May/2023:01:30:48 +0000] "POST /api/history/checkin HTTP/1.1" - - "-" "ESP32 HTTP Client/1.0"
::ffff:192.168.43.168 - - [10/May/2023:01:31:02 +0000] "POST /api/history/checkin HTTP/1.1" - - "-" "ESP32 HTTP Client/1.0"
::ffff:192.168.43.168 - - [10/May/2023:01:36:20 +0000] "POST /api/history/checkin HTTP/1.1" - - "-" "ESP32 HTTP Client/1.0"
::ffff:192.168.43.168 - - [10/May/2023:01:36:35 +0000] "POST /api/history/checkin HTTP/1.1" - - "-" "ESP32 HTTP Client/1.0"
::ffff:192.168.43.168 - - [10/May/2023:01:37:10 +0000] "POST /api/history/checkin HTTP/1.1" - - "-" "ESP32 HTTP Client/1.0"
::ffff:192.168.43.168 - - [10/May/2023:01:40:49 +0000] "POST /api/history/checkin HTTP/1.1" - - "-" "ESP32 HTTP Client/1.0"
::ffff:192.168.43.1 - - [10/May/2023:01:41:17 +0000] "GET /api/history/user?id=641978bd4d078744fad083d6&month=04&year=2023 HTTP/1.1" 200 4388 "-" "Dart/2.18 (dart:io)"
::ffff:192.168.43.1 - - [10/May/2023:01:41:22 +0000] "GET /api/history/user?id=641978bd4d078744fad083d6&month=05&year=2023 HTTP/1.1" 200 790 "-" "Dart/2.18 (dart:io)"
::ffff:192.168.43.168 - - [10/May/2023:01:43:06 +0000] "POST /api/history/checkin HTTP/1.1" - - "-" "ESP32 HTTP Client/1.0"
::ffff:192.168.43.168 - - [10/May/2023:01:44:39 +0000] "POST /api/history/checkin HTTP/1.1" - - "-" "ESP32 HTTP Client/1.0"
::ffff:192.168.43.168 - - [10/May/2023:01:44:39 +0000] "POST /api/history/checkin HTTP/1.1" - - "-" "ESP32 HTTP Client/1.0"
::ffff:192.168.43.168 - - [10/May/2023:01:45:12 +0000] "POST /api/history/checkin HTTP/1.1" - - "-" "ESP32 HTTP Client/1.0"
::ffff:192.168.43.168 - - [10/May/2023:01:46:03 +0000] "POST /api/history/checkin HTTP/1.1" - - "-" "ESP32 HTTP Client/1.0"
::ffff:192.168.43.168 - - [10/May/2023:01:46:40 +0000] "POST /api/history/checkin HTTP/1.1" - - "-" "ESP32 HTTP Client/1.0"
::ffff:192.168.43.168 - - [10/May/2023:01:47:29 +0000] "POST /api/history/checkin HTTP/1.1" - - "-" "ESP32 HTTP Client/1.0"
::ffff:192.168.43.168 - - [10/May/2023:01:48:15 +0000] "POST /api/history/checkin HTTP/1.1" - - "-" "ESP32 HTTP Client/1.0"
::ffff:192.168.43.168 - - [10/May/2023:01:48:55 +0000] "POST /api/history/checkin HTTP/1.1" - - "-" "ESP32 HTTP Client/1.0"
::ffff:192.168.43.168 - - [10/May/2023:01:49:21 +0000] "POST /api/history/checkin HTTP/1.1" - - "-" "ESP32 HTTP Client/1.0"
::ffff:192.168.43.168 - - [10/May/2023:01:50:00 +0000] "POST /api/history/checkin HTTP/1.1" - - "-" "ESP32 HTTP Client/1.0"
::ffff:192.168.43.198 - - [10/May/2023:01:50:40 +0000] "POST /api/history/checkin HTTP/1.1" 200 21 "-" "PostmanRuntime/7.32.2"
::ffff:192.168.43.168 - - [10/May/2023:01:51:29 +0000] "POST /api/history/checkin HTTP/1.1" - - "-" "ESP32 HTTP Client/1.0"
::ffff:192.168.43.168 - - [10/May/2023:01:51:36 +0000] "POST /api/history/checkin HTTP/1.1" - - "-" "ESP32 HTTP Client/1.0"
::ffff:192.168.43.168 - - [10/May/2023:01:51:43 +0000] "POST /api/history/checkin HTTP/1.1" - - "-" "ESP32 HTTP Client/1.0"
::ffff:192.168.43.168 - - [10/May/2023:01:51:56 +0000] "POST /api/history/checkin HTTP/1.1" - - "-" "ESP32 HTTP Client/1.0"
::ffff:192.168.43.198 - - [10/May/2023:01:52:16 +0000] "POST /api/history/checkin HTTP/1.1" 200 21 "-" "PostmanRuntime/7.32.2"
::ffff:192.168.43.198 - - [10/May/2023:01:54:50 +0000] "POST /api/history/checkin HTTP/1.1" 200 21 "-" "PostmanRuntime/7.32.2"
::ffff:192.168.43.198 - - [10/May/2023:01:55:20 +0000] "POST /api/history/checkin HTTP/1.1" 200 21 "-" "PostmanRuntime/7.32.2"
::ffff:192.168.43.198 - - [10/May/2023:01:56:37 +0000] "POST /api/history/checkin HTTP/1.1" 200 21 "-" "PostmanRuntime/7.32.2"
::ffff:192.168.43.198 - - [10/May/2023:01:57:21 +0000] "POST /api/history/checkin HTTP/1.1" 200 21 "-" "PostmanRuntime/7.32.2"
::ffff:192.168.43.198 - - [10/May/2023:01:59:53 +0000] "POST /api/history/checkin HTTP/1.1" 200 21 "-" "PostmanRuntime/7.32.2"
::ffff:192.168.43.198 - - [10/May/2023:02:01:01 +0000] "POST /api/history/checkin HTTP/1.1" 200 21 "-" "PostmanRuntime/7.32.2"
::ffff:192.168.43.198 - - [10/May/2023:02:02:10 +0000] "POST /api/history/checkin HTTP/1.1" 200 21 "-" "PostmanRuntime/7.32.2"
::1 - - [10/May/2023:02:34:57 +0000] "POST /api/history/checkin HTTP/1.1" 200 21 "-" "PostmanRuntime/7.32.2"
::1 - - [10/May/2023:02:37:31 +0000] "POST /api/history/checkin HTTP/1.1" 200 21 "-" "PostmanRuntime/7.32.2"
::1 - - [10/May/2023:03:00:36 +0000] "POST /api/history/checkin HTTP/1.1" 200 21 "-" "PostmanRuntime/7.32.2"
::1 - - [10/May/2023:03:02:22 +0000] "POST /api/history/checkin HTTP/1.1" 200 21 "-" "PostmanRuntime/7.32.2"
::1 - - [10/May/2023:03:27:43 +0000] "POST /api/history/checkin HTTP/1.1" 200 21 "-" "PostmanRuntime/7.32.2"
::1 - - [10/May/2023:03:28:11 +0000] "POST /api/history/checkin HTTP/1.1" 200 21 "-" "PostmanRuntime/7.32.2"
::1 - - [10/May/2023:03:29:19 +0000] "POST /api/history/checkin HTTP/1.1" 200 21 "-" "PostmanRuntime/7.32.2"
::1 - - [10/May/2023:03:30:08 +0000] "POST /api/history/checkin HTTP/1.1" 200 21 "-" "PostmanRuntime/7.32.2"
::1 - - [11/May/2023:00:52:52 +0000] "POST /api/history/checkin HTTP/1.1" 200 21 "-" "PostmanRuntime/7.32.2"
::ffff:192.168.43.1 - - [11/May/2023:00:52:58 +0000] "GET /api/history/user?id=641978bd4d078744fad083d6 HTTP/1.1" 200 1894 "-" "Dart/2.18 (dart:io)"
::1 - - [11/May/2023:00:53:56 +0000] "POST /api/history/checkin HTTP/1.1" 200 21 "-" "PostmanRuntime/7.32.2"
::1 - - [11/May/2023:00:54:16 +0000] "POST /api/history/checkin HTTP/1.1" 200 21 "-" "PostmanRuntime/7.32.2"
::ffff:192.168.43.168 - - [11/May/2023:00:55:33 +0000] "POST /api/history/checkin HTTP/1.1" - - "-" "ESP32 HTTP Client/1.0"
::ffff:192.168.43.168 - - [11/May/2023:00:57:51 +0000] "POST /api/history/checkin HTTP/1.1" - - "-" "ESP32 HTTP Client/1.0"
::ffff:192.168.43.168 - - [11/May/2023:00:58:02 +0000] "POST /api/history/checkin HTTP/1.1" - - "-" "ESP32 HTTP Client/1.0"
::ffff:192.168.43.168 - - [11/May/2023:00:58:16 +0000] "POST /api/history/checkin HTTP/1.1" - - "-" "ESP32 HTTP Client/1.0"
::ffff:192.168.43.168 - - [11/May/2023:00:58:27 +0000] "POST /api/history/checkin HTTP/1.1" - - "-" "ESP32 HTTP Client/1.0"
::ffff:192.168.43.168 - - [11/May/2023:00:58:42 +0000] "POST /api/history/checkin HTTP/1.1" - - "-" "ESP32 HTTP Client/1.0"
::ffff:192.168.43.168 - - [11/May/2023:00:59:12 +0000] "POST /api/history/checkin HTTP/1.1" - - "-" "ESP32 HTTP Client/1.0"
::ffff:192.168.43.168 - - [11/May/2023:00:59:22 +0000] "POST /api/history/checkin HTTP/1.1" - - "-" "ESP32 HTTP Client/1.0"
::ffff:192.168.43.168 - - [11/May/2023:00:59:52 +0000] "POST /api/history/checkin HTTP/1.1" - - "-" "ESP32 HTTP Client/1.0"
::ffff:192.168.43.168 - - [11/May/2023:01:00:07 +0000] "POST /api/history/checkin HTTP/1.1" - - "-" "ESP32 HTTP Client/1.0"
::ffff:192.168.43.168 - - [11/May/2023:01:02:05 +0000] "POST /api/history/checkin HTTP/1.1" - - "-" "ESP32 HTTP Client/1.0"
::ffff:192.168.43.168 - - [11/May/2023:01:02:05 +0000] "POST /api/history/checkin HTTP/1.1" - - "-" "ESP32 HTTP Client/1.0"
::ffff:192.168.43.168 - - [11/May/2023:01:02:19 +0000] "POST /api/history/checkin HTTP/1.1" - - "-" "ESP32 HTTP Client/1.0"
::ffff:192.168.43.168 - - [11/May/2023:01:02:40 +0000] "POST /api/history/checkin HTTP/1.1" - - "-" "ESP32 HTTP Client/1.0"
::ffff:192.168.43.168 - - [11/May/2023:01:02:40 +0000] "POST /api/history/checkin HTTP/1.1" - - "-" "ESP32 HTTP Client/1.0"
::ffff:192.168.43.1 - - [11/May/2023:01:02:52 +0000] "GET /api/history/user?id=641978bd4d078744fad083d6 HTTP/1.1" 200 2239 "-" "Dart/2.18 (dart:io)"
::ffff:192.168.43.168 - - [11/May/2023:01:04:01 +0000] "POST /api/history/checkin HTTP/1.1" - - "-" "ESP32 HTTP Client/1.0"
::ffff:192.168.43.168 - - [11/May/2023:01:04:01 +0000] "POST /api/history/checkin HTTP/1.1" - - "-" "ESP32 HTTP Client/1.0"
::ffff:192.168.43.1 - - [11/May/2023:01:05:15 +0000] "POST /api/authentication/login HTTP/1.1" 200 80 "-" "Dart/2.18 (dart:io)"
::ffff:192.168.43.1 - - [11/May/2023:01:05:16 +0000] "GET /api/history/user?id=6429a427399cd63afc2a9237 HTTP/1.1" 200 778 "-" "Dart/2.18 (dart:io)"
::ffff:192.168.43.1 - - [05/Jun/2023:15:26:59 +0000] "POST /api/authentication/login HTTP/1.1" 200 90 "-" "Dart/2.18 (dart:io)"
::ffff:192.168.43.1 - - [05/Jun/2023:15:27:00 +0000] "GET /api/history/user?id=641978bd4d078744fad083d6 HTTP/1.1" 200 93 "-" "Dart/2.18 (dart:io)"
::ffff:192.168.43.1 - - [05/Jun/2023:15:27:07 +0000] "POST /api/authentication/login HTTP/1.1" 200 90 "-" "Dart/2.18 (dart:io)"
::ffff:192.168.43.1 - - [05/Jun/2023:15:27:07 +0000] "GET /api/history/user?id=641978bd4d078744fad083d6 HTTP/1.1" 200 93 "-" "Dart/2.18 (dart:io)"
::ffff:192.168.43.1 - - [05/Jun/2023:15:27:12 +0000] "GET /api/history/user?id=641978bd4d078744fad083d6&month=04&year=2023 HTTP/1.1" 200 4388 "-" "Dart/2.18 (dart:io)"
::ffff:192.168.43.168 - - [05/Jun/2023:15:28:15 +0000] "POST /api/history/checkin HTTP/1.1" - - "-" "ESP32 HTTP Client/1.0"
::ffff:192.168.43.168 - - [05/Jun/2023:15:29:36 +0000] "POST /api/history/checkin HTTP/1.1" - - "-" "ESP32 HTTP Client/1.0"
::ffff:192.168.43.1 - - [05/Jun/2023:15:30:03 +0000] "GET /api/history/user?id=641978bd4d078744fad083d6 HTTP/1.1" 200 298 "-" "Dart/2.18 (dart:io)"
::ffff:192.168.43.168 - - [05/Jun/2023:15:31:58 +0000] "POST /api/history/checkin HTTP/1.1" - - "-" "ESP32 HTTP Client/1.0"
::ffff:192.168.43.1 - - [05/Jun/2023:15:32:05 +0000] "GET /api/history/user?id=641978bd4d078744fad083d6 HTTP/1.1" 200 371 "-" "Dart/2.18 (dart:io)"
